Archive member included to satisfy reference by file (symbol)

F:/ST/STM32CubeIDE_1.1.0/STM32CubeIDE/plugins/com.st.stm32cube.ide.mcu.externaltools.gnu-tools-for-stm32.11.3.rel1.win32_1.1.100.202309141235/tools/bin/../lib/gcc/arm-none-eabi/11.3.1/../../../../arm-none-eabi/lib/thumb/v7e-m+fp/hard\libc_nano.a(libc_a-exit.o)
                              F:/ST/STM32CubeIDE_1.1.0/STM32CubeIDE/plugins/com.st.stm32cube.ide.mcu.externaltools.gnu-tools-for-stm32.11.3.rel1.win32_1.1.100.202309141235/tools/bin/../lib/gcc/arm-none-eabi/11.3.1/../../../../arm-none-eabi/lib/thumb/v7e-m+fp/hard/crt0.o (exit)
F:/ST/STM32CubeIDE_1.1.0/STM32CubeIDE/plugins/com.st.stm32cube.ide.mcu.externaltools.gnu-tools-for-stm32.11.3.rel1.win32_1.1.100.202309141235/tools/bin/../lib/gcc/arm-none-eabi/11.3.1/../../../../arm-none-eabi/lib/thumb/v7e-m+fp/hard\libc_nano.a(libc_a-utoa.o)
                              ./Core/Src/main.o (utoa)
F:/ST/STM32CubeIDE_1.1.0/STM32CubeIDE/plugins/com.st.stm32cube.ide.mcu.externaltools.gnu-tools-for-stm32.11.3.rel1.win32_1.1.100.202309141235/tools/bin/../lib/gcc/arm-none-eabi/11.3.1/../../../../arm-none-eabi/lib/thumb/v7e-m+fp/hard\libc_nano.a(libc_a-findfp.o)
                              F:/ST/STM32CubeIDE_1.1.0/STM32CubeIDE/plugins/com.st.stm32cube.ide.mcu.externaltools.gnu-tools-for-stm32.11.3.rel1.win32_1.1.100.202309141235/tools/bin/../lib/gcc/arm-none-eabi/11.3.1/../../../../arm-none-eabi/lib/thumb/v7e-m+fp/hard\libc_nano.a(libc_a-exit.o) (__stdio_exit_handler)
F:/ST/STM32CubeIDE_1.1.0/STM32CubeIDE/plugins/com.st.stm32cube.ide.mcu.externaltools.gnu-tools-for-stm32.11.3.rel1.win32_1.1.100.202309141235/tools/bin/../lib/gcc/arm-none-eabi/11.3.1/../../../../arm-none-eabi/lib/thumb/v7e-m+fp/hard\libc_nano.a(libc_a-fwalk.o)
                              F:/ST/STM32CubeIDE_1.1.0/STM32CubeIDE/plugins/com.st.stm32cube.ide.mcu.externaltools.gnu-tools-for-stm32.11.3.rel1.win32_1.1.100.202309141235/tools/bin/../lib/gcc/arm-none-eabi/11.3.1/../../../../arm-none-eabi/lib/thumb/v7e-m+fp/hard\libc_nano.a(libc_a-findfp.o) (_fwalk_sglue)
F:/ST/STM32CubeIDE_1.1.0/STM32CubeIDE/plugins/com.st.stm32cube.ide.mcu.externaltools.gnu-tools-for-stm32.11.3.rel1.win32_1.1.100.202309141235/tools/bin/../lib/gcc/arm-none-eabi/11.3.1/../../../../arm-none-eabi/lib/thumb/v7e-m+fp/hard\libc_nano.a(libc_a-stdio.o)
                              F:/ST/STM32CubeIDE_1.1.0/STM32CubeIDE/plugins/com.st.stm32cube.ide.mcu.externaltools.gnu-tools-for-stm32.11.3.rel1.win32_1.1.100.202309141235/tools/bin/../lib/gcc/arm-none-eabi/11.3.1/../../../../arm-none-eabi/lib/thumb/v7e-m+fp/hard\libc_nano.a(libc_a-findfp.o) (__sread)
F:/ST/STM32CubeIDE_1.1.0/STM32CubeIDE/plugins/com.st.stm32cube.ide.mcu.externaltools.gnu-tools-for-stm32.11.3.rel1.win32_1.1.100.202309141235/tools/bin/../lib/gcc/arm-none-eabi/11.3.1/../../../../arm-none-eabi/lib/thumb/v7e-m+fp/hard\libc_nano.a(libc_a-memset.o)
                              F:/ST/STM32CubeIDE_1.1.0/STM32CubeIDE/plugins/com.st.stm32cube.ide.mcu.externaltools.gnu-tools-for-stm32.11.3.rel1.win32_1.1.100.202309141235/tools/bin/../lib/gcc/arm-none-eabi/11.3.1/../../../../arm-none-eabi/lib/thumb/v7e-m+fp/hard/crt0.o (memset)
F:/ST/STM32CubeIDE_1.1.0/STM32CubeIDE/plugins/com.st.stm32cube.ide.mcu.externaltools.gnu-tools-for-stm32.11.3.rel1.win32_1.1.100.202309141235/tools/bin/../lib/gcc/arm-none-eabi/11.3.1/../../../../arm-none-eabi/lib/thumb/v7e-m+fp/hard\libc_nano.a(libc_a-closer.o)
                              F:/ST/STM32CubeIDE_1.1.0/STM32CubeIDE/plugins/com.st.stm32cube.ide.mcu.externaltools.gnu-tools-for-stm32.11.3.rel1.win32_1.1.100.202309141235/tools/bin/../lib/gcc/arm-none-eabi/11.3.1/../../../../arm-none-eabi/lib/thumb/v7e-m+fp/hard\libc_nano.a(libc_a-stdio.o) (_close_r)
F:/ST/STM32CubeIDE_1.1.0/STM32CubeIDE/plugins/com.st.stm32cube.ide.mcu.externaltools.gnu-tools-for-stm32.11.3.rel1.win32_1.1.100.202309141235/tools/bin/../lib/gcc/arm-none-eabi/11.3.1/../../../../arm-none-eabi/lib/thumb/v7e-m+fp/hard\libc_nano.a(libc_a-reent.o)
                              F:/ST/STM32CubeIDE_1.1.0/STM32CubeIDE/plugins/com.st.stm32cube.ide.mcu.externaltools.gnu-tools-for-stm32.11.3.rel1.win32_1.1.100.202309141235/tools/bin/../lib/gcc/arm-none-eabi/11.3.1/../../../../arm-none-eabi/lib/thumb/v7e-m+fp/hard\libc_nano.a(libc_a-closer.o) (errno)
F:/ST/STM32CubeIDE_1.1.0/STM32CubeIDE/plugins/com.st.stm32cube.ide.mcu.externaltools.gnu-tools-for-stm32.11.3.rel1.win32_1.1.100.202309141235/tools/bin/../lib/gcc/arm-none-eabi/11.3.1/../../../../arm-none-eabi/lib/thumb/v7e-m+fp/hard\libc_nano.a(libc_a-impure.o)
                              F:/ST/STM32CubeIDE_1.1.0/STM32CubeIDE/plugins/com.st.stm32cube.ide.mcu.externaltools.gnu-tools-for-stm32.11.3.rel1.win32_1.1.100.202309141235/tools/bin/../lib/gcc/arm-none-eabi/11.3.1/../../../../arm-none-eabi/lib/thumb/v7e-m+fp/hard\libc_nano.a(libc_a-reent.o) (_impure_ptr)
[...]
Memory Configuration

Name             Origin             Length             Attributes
RAM              0x0000000020000000 0x0000000000010000 xrw
FLASH            0x0000000008000000 0x0000000000040000 xr
*default*        0x0000000000000000 0xffffffffffffffff

Linker script and memory map

LOAD F:/ST/STM32CubeIDE_1.1.0/STM32CubeIDE/plugins/com.st.stm32cube.ide.mcu.externaltools.gnu-tools-for-stm32.11.3.rel1.win32_1.1.100.202309141235/tools/bin/../lib/gcc/arm-none-eabi/11.3.1/thumb/v7e-m+fp/hard/crti.o
LOAD F:/ST/STM32CubeIDE_1.1.0/STM32CubeIDE/plugins/com.st.stm32cube.ide.mcu.externaltools.gnu-tools-for-stm32.11.3.rel1.win32_1.1.100.202309141235/tools/bin/../lib/gcc/arm-none-eabi/11.3.1/thumb/v7e-m+fp/hard/crtbegin.o
LOAD F:/ST/STM32CubeIDE_1.1.0/STM32CubeIDE/plugins/com.st.stm32cube.ide.mcu.externaltools.gnu-tools-for-stm32.11.3.rel1.win32_1.1.100.202309141235/tools/bin/../lib/gcc/arm-none-eabi/11.3.1/../../../../arm-none-eabi/lib/thumb/v7e-m+fp/hard/crt0.o
LOAD ./Core/Src/main.o
LOAD ./Core/Src/stm32f4xx_hal_msp.o
LOAD ./Core/Src/stm32f4xx_it.o
LOAD ./Core/Src/syscalls.o
LOAD ./Core/Src/sysmem.o
LOAD ./Core/Src/system_stm32f4xx.o
LOAD ./Core/Startup/startup_stm32f401ccux.o
LOAD ./Display/display.o
LOAD ./Display/display_asm.o
LOAD ./Display/display_offsets.o
LOAD ./Display/fonts.o
LOAD ./Display/ili9341.o
LOAD ./Display/st7789.o
LOAD ./Drivers/STM32F4xx_HAL_Driver/Src/stm32f4xx_hal.o
LOAD ./Drivers/STM32F4xx_HAL_Driver/Src/stm32f4xx_hal_cortex.o
LOAD ./Drivers/STM32F4xx_HAL_Driver/Src/stm32f4xx_hal_dma.o
LOAD ./Drivers/STM32F4xx_HAL_Driver/Src/stm32f4xx_hal_dma_ex.o
LOAD ./Drivers/STM32F4xx_HAL_Driver/Src/stm32f4xx_hal_exti.o
LOAD ./Drivers/STM32F4xx_HAL_Driver/Src/stm32f4xx_hal_flash.o
LOAD ./Drivers/STM32F4xx_HAL_Driver/Src/stm32f4xx_hal_flash_ex.o
LOAD ./Drivers/STM32F4xx_HAL_Driver/Src/stm32f4xx_hal_flash_ramfunc.o
LOAD ./Drivers/STM32F4xx_HAL_Driver/Src/stm32f4xx_hal_gpio.o
LOAD ./Drivers/STM32F4xx_HAL_Driver/Src/stm32f4xx_hal_pcd.o
LOAD ./Drivers/STM32F4xx_HAL_Driver/Src/stm32f4xx_hal_pcd_ex.o
LOAD ./Drivers/STM32F4xx_HAL_Driver/Src/stm32f4xx_hal_pwr.o
LOAD ./Drivers/STM32F4xx_HAL_Driver/Src/stm32f4xx_hal_pwr_ex.o
LOAD ./Drivers/STM32F4xx_HAL_Driver/Src/stm32f4xx_hal_rcc.o
LOAD ./Drivers/STM32F4xx_HAL_Driver/Src/stm32f4xx_hal_rcc_ex.o
LOAD ./Drivers/STM32F4xx_HAL_Driver/Src/stm32f4xx_hal_tim.o
LOAD ./Drivers/STM32F4xx_HAL_Driver/Src/stm32f4xx_hal_tim_ex.o
LOAD ./Drivers/STM32F4xx_HAL_Driver/Src/stm32f4xx_ll_dma.o
LOAD ./Drivers/STM32F4xx_HAL_Driver/Src/stm32f4xx_ll_exti.o
LOAD ./Drivers/STM32F4xx_HAL_Driver/Src/stm32f4xx_ll_gpio.o
LOAD ./Drivers/STM32F4xx_HAL_Driver/Src/stm32f4xx_ll_rcc.o
LOAD ./Drivers/STM32F4xx_HAL_Driver/Src/stm32f4xx_ll_spi.o
LOAD ./Drivers/STM32F4xx_HAL_Driver/Src/stm32f4xx_ll_tim.o
LOAD ./Drivers/STM32F4xx_HAL_Driver/Src/stm32f4xx_ll_usb.o
LOAD ./Drivers/STM32F4xx_HAL_Driver/Src/stm32f4xx_ll_utils.o
LOAD ./JPEG/jpeg_chan.o
LOAD ./JPEG/tjpgd.o
LOAD ./Middlewares/ST/STM32_USB_Device_Library/Class/CDC/Src/usbd_cdc.o
LOAD ./Middlewares/ST/STM32_USB_Device_Library/Core/Src/usbd_core.o
LOAD ./Middlewares/ST/STM32_USB_Device_Library/Core/Src/usbd_ctlreq.o
LOAD ./Middlewares/ST/STM32_USB_Device_Library/Core/Src/usbd_ioreq.o
LOAD ./USB_DEVICE/App/usb_device.o
LOAD ./USB_DEVICE/App/usbd_cdc_if.o
LOAD ./USB_DEVICE/App/usbd_desc.o
LOAD ./USB_DEVICE/Target/usbd_conf.o
START GROUP
LOAD F:/ST/STM32CubeIDE_1.1.0/STM32CubeIDE/plugins/com.st.stm32cube.ide.mcu.externaltools.gnu-tools-for-stm32.11.3.rel1.win32_1.1.100.202309141235/tools/bin/../lib/gcc/arm-none-eabi/11.3.1/../../../../arm-none-eabi/lib/thumb/v7e-m+fp/hard\libc_nano.a
LOAD F:/ST/STM32CubeIDE_1.1.0/STM32CubeIDE/plugins/com.st.stm32cube.ide.mcu.externaltools.gnu-tools-for-stm32.11.3.rel1.win32_1.1.100.202309141235/tools/bin/../lib/gcc/arm-none-eabi/11.3.1/../../../../arm-none-eabi/lib/thumb/v7e-m+fp/hard\libm.a
END GROUP
START GROUP
LOAD F:/ST/STM32CubeIDE_1.1.0/STM32CubeIDE/plugins/com.st.stm32cube.ide.mcu.externaltools.gnu-tools-for-stm32.11.3.rel1.win32_1.1.100.202309141235/tools/bin/../lib/gcc/arm-none-eabi/11.3.1/thumb/v7e-m+fp/hard\libgcc.a
LOAD F:/ST/STM32CubeIDE_1.1.0/STM32CubeIDE/plugins/com.st.stm32cube.ide.mcu.externaltools.gnu-tools-for-stm32.11.3.rel1.win32_1.1.100.202309141235/tools/bin/../lib/gcc/arm-none-eabi/11.3.1/../../../../arm-none-eabi/lib/thumb/v7e-m+fp/hard\libc_nano.a
END GROUP
START GROUP
LOAD F:/ST/STM32CubeIDE_1.1.0/STM32CubeIDE/plugins/com.st.stm32cube.ide.mcu.externaltools.gnu-tools-for-stm32.11.3.rel1.win32_1.1.100.202309141235/tools/bin/../lib/gcc/arm-none-eabi/11.3.1/thumb/v7e-m+fp/hard\libgcc.a
LOAD F:/ST/STM32CubeIDE_1.1.0/STM32CubeIDE/plugins/com.st.stm32cube.ide.mcu.externaltools.gnu-tools-for-stm32.11.3.rel1.win32_1.1.100.202309141235/tools/bin/../lib/gcc/arm-none-eabi/11.3.1/../../../../arm-none-eabi/lib/thumb/v7e-m+fp/hard\libc_nano.a
LOAD F:/ST/STM32CubeIDE_1.1.0/STM32CubeIDE/plugins/com.st.stm32cube.ide.mcu.externaltools.gnu-tools-for-stm32.11.3.rel1.win32_1.1.100.202309141235/tools/bin/../lib/gcc/arm-none-eabi/11.3.1/../../../../arm-none-eabi/lib/thumb/v7e-m+fp/hard\libnosys.a
END GROUP
START GROUP
LOAD F:/ST/STM32CubeIDE_1.1.0/STM32CubeIDE/plugins/com.st.stm32cube.ide.mcu.externaltools.gnu-tools-for-stm32.11.3.rel1.win32_1.1.100.202309141235/tools/bin/../lib/gcc/arm-none-eabi/11.3.1/thumb/v7e-m+fp/hard\libgcc.a
LOAD F:/ST/STM32CubeIDE_1.1.0/STM32CubeIDE/plugins/com.st.stm32cube.ide.mcu.externaltools.gnu-tools-for-stm32.11.3.rel1.win32_1.1.100.202309141235/tools/bin/../lib/gcc/arm-none-eabi/11.3.1/../../../../arm-none-eabi/lib/thumb/v7e-m+fp/hard\libc_nano.a
LOAD F:/ST/STM32CubeIDE_1.1.0/STM32CubeIDE/plugins/com.st.stm32cube.ide.mcu.externaltools.gnu-tools-for-stm32.11.3.rel1.win32_1.1.100.202309141235/tools/bin/../lib/gcc/arm-none-eabi/11.3.1/../../../../arm-none-eabi/lib/thumb/v7e-m+fp/hard\libnosys.a
END GROUP
LOAD F:/ST/STM32CubeIDE_1.1.0/STM32CubeIDE/plugins/com.st.stm32cube.ide.mcu.externaltools.gnu-tools-for-stm32.11.3.rel1.win32_1.1.100.202309141235/tools/bin/../lib/gcc/arm-none-eabi/11.3.1/thumb/v7e-m+fp/hard/crtend.o
LOAD F:/ST/STM32CubeIDE_1.1.0/STM32CubeIDE/plugins/com.st.stm32cube.ide.mcu.externaltools.gnu-tools-for-stm32.11.3.rel1.win32_1.1.100.202309141235/tools/bin/../lib/gcc/arm-none-eabi/11.3.1/thumb/v7e-m+fp/hard/crtn.o
                0x0000000020010000                _estack = (ORIGIN (RAM) + LENGTH (RAM))
                0x0000000000000200                _Min_Heap_Size = 0x200
                0x0000000000000400                _Min_Stack_Size = 0x400

.isr_vector     0x0000000008000000      0x194
                0x0000000008000000                . = ALIGN (0x4)
 *(.isr_vector)
 .isr_vector    0x0000000008000000      0x194 ./Core/Startup/startup_stm32f401ccux.o
                0x0000000008000000                g_pfnVectors
                0x0000000008000194                . = ALIGN (0x4)

.text           0x0000000008000198     0x6228
                0x0000000008000198                . = ALIGN (0x4)
 *(.text)
 .text          0x0000000008000198       0x40 F:/ST/STM32CubeIDE_1.1.0/STM32CubeIDE/plugins/com.st.stm32cube.ide.mcu.externaltools.gnu-tools-for-stm32.11.3.rel1.win32_1.1.100.202309141235/tools/bin/../lib/gcc/arm-none-eabi/11.3.1/thumb/v7e-m+fp/hard/crtbegin.o
 .text          0x00000000080001d8       0x10 F:/ST/STM32CubeIDE_1.1.0/STM32CubeIDE/plugins/com.st.stm32cube.ide.mcu.externaltools.gnu-tools-for-stm32.11.3.rel1.win32_1.1.100.202309141235/tools/bin/../lib/gcc/arm-none-eabi/11.3.1/../../../../arm-none-eabi/lib/thumb/v7e-m+fp/hard\libc_nano.a(libc_a-strlen.o)
                0x00000000080001d8                strlen
 *(.text*)
 .text.SystemClock_Config
                0x00000000080001e8       0xe8 ./Core/Src/main.o
                0x00000000080001e8                SystemClock_Config
 .text.startup.main
                0x00000000080002d0      0x51c ./Core/Src/main.o
                0x00000000080002d0                main
 .text.Error_Handler
                0x00000000080007ec        0x4 ./Core/Src/main.o
                0x00000000080007ec                Error_Handler
 .text.HAL_MspInit
                0x00000000080007f0       0x38 ./Core/Src/stm32f4xx_hal_msp.o
                0x00000000080007f0                HAL_MspInit
 .text.NMI_Handler
                0x0000000008000828        0x4 ./Core/Src/stm32f4xx_it.o
                0x0000000008000828                NMI_Handler
 .text.HardFault_Handler
                0x000000000800082c        0x4 ./Core/Src/stm32f4xx_it.o
                0x000000000800082c                HardFault_Handler
 .text.MemManage_Handler
                0x0000000008000830        0x4 ./Core/Src/stm32f4xx_it.o
                0x0000000008000830                MemManage_Handler
 .text.BusFault_Handler
                0x0000000008000834        0x4 ./Core/Src/stm32f4xx_it.o
                0x0000000008000834                BusFault_Handler
 .text.UsageFault_Handler
                0x0000000008000838        0x4 ./Core/Src/stm32f4xx_it.o
                0x0000000008000838                UsageFault_Handler
 .text.SVC_Handler
                0x000000000800083c        0x4 ./Core/Src/stm32f4xx_it.o
                0x000000000800083c                SVC_Handler
 .text.DebugMon_Handler
                0x0000000008000840        0x4 ./Core/Src/stm32f4xx_it.o
                0x0000000008000840                DebugMon_Handler
 .text.PendSV_Handler
                0x0000000008000844        0x4 ./Core/Src/stm32f4xx_it.o
                0x0000000008000844                PendSV_Handler
 .text.SysTick_Handler
                0x0000000008000848       0x10 ./Core/Src/stm32f4xx_it.o
                0x0000000008000848                SysTick_Handler
 .text.DMA2_Stream3_IRQHandler
                0x0000000008000858        0xc ./Core/Src/stm32f4xx_it.o
                0x0000000008000858                DMA2_Stream3_IRQHandler
 .text.OTG_FS_IRQHandler
                0x0000000008000864        0xc ./Core/Src/stm32f4xx_it.o
                0x0000000008000864                OTG_FS_IRQHandler
 .text.SystemInit
                0x0000000008000870       0x14 ./Core/Src/system_stm32f4xx.o
                0x0000000008000870                SystemInit
 .text.Reset_Handler
                0x0000000008000884       0x50 ./Core/Startup/startup_stm32f401ccux.o
                0x0000000008000884                Reset_Handler
 .text.Default_Handler
                0x00000000080008d4        0x2 ./Core/Startup/startup_stm32f401ccux.o
                0x00000000080008d4                RTC_Alarm_IRQHandler
                0x00000000080008d4                EXTI2_IRQHandler
                0x00000000080008d4                SPI4_IRQHandler
                0x00000000080008d4                TIM1_CC_IRQHandler
                0x00000000080008d4                DMA2_Stream5_IRQHandler
                0x00000000080008d4                DMA1_Stream5_IRQHandler
                0x00000000080008d4                PVD_IRQHandler
                0x00000000080008d4                SDIO_IRQHandler
                0x00000000080008d4                TAMP_STAMP_IRQHandler
                0x00000000080008d4                EXTI3_IRQHandler
                0x00000000080008d4                TIM1_UP_TIM10_IRQHandler
                0x00000000080008d4                I2C3_ER_IRQHandler
                0x00000000080008d4                EXTI0_IRQHandler
                0x00000000080008d4                I2C2_EV_IRQHandler
                0x00000000080008d4                DMA1_Stream2_IRQHandler
                0x00000000080008d4                FPU_IRQHandler
                0x00000000080008d4                DMA2_Stream2_IRQHandler
                0x00000000080008d4                SPI1_IRQHandler
                0x00000000080008d4                TIM1_BRK_TIM9_IRQHandler
                0x00000000080008d4                USART6_IRQHandler
                0x00000000080008d4                DMA2_Stream0_IRQHandler
                0x00000000080008d4                TIM4_IRQHandler
                0x00000000080008d4                I2C1_EV_IRQHandler
                0x00000000080008d4                DMA1_Stream6_IRQHandler
                0x00000000080008d4                DMA1_Stream1_IRQHandler
                0x00000000080008d4                TIM3_IRQHandler
                0x00000000080008d4                RCC_IRQHandler
                0x00000000080008d4                Default_Handler
                0x00000000080008d4                EXTI15_10_IRQHandler
                0x00000000080008d4                ADC_IRQHandler
                0x00000000080008d4                DMA1_Stream7_IRQHandler
                0x00000000080008d4                TIM5_IRQHandler
                0x00000000080008d4                DMA2_Stream7_IRQHandler
                0x00000000080008d4                I2C3_EV_IRQHandler
                0x00000000080008d4                EXTI9_5_IRQHandler
                0x00000000080008d4                RTC_WKUP_IRQHandler
                0x00000000080008d4                SPI2_IRQHandler
                0x00000000080008d4                DMA1_Stream0_IRQHandler
                0x00000000080008d4                EXTI4_IRQHandler
                0x00000000080008d4                WWDG_IRQHandler
                0x00000000080008d4                TIM2_IRQHandler
                0x00000000080008d4                OTG_FS_WKUP_IRQHandler
                0x00000000080008d4                TIM1_TRG_COM_TIM11_IRQHandler
                0x00000000080008d4                EXTI1_IRQHandler
                0x00000000080008d4                USART2_IRQHandler
                0x00000000080008d4                I2C2_ER_IRQHandler
                0x00000000080008d4                DMA2_Stream1_IRQHandler
                0x00000000080008d4                FLASH_IRQHandler
                0x00000000080008d4                DMA2_Stream4_IRQHandler
                0x00000000080008d4                USART1_IRQHandler
                0x00000000080008d4                SPI3_IRQHandler
                0x00000000080008d4                DMA1_Stream4_IRQHandler
                0x00000000080008d4                I2C1_ER_IRQHandler
                0x00000000080008d4                DMA2_Stream6_IRQHandler
                0x00000000080008d4                DMA1_Stream3_IRQHandler
 *fill*         0x00000000080008d6        0x2 
 .text.LCD_String_Interpretator
                0x00000000080008d8      0x124 ./Display/display.o
                0x00000000080008d8                LCD_String_Interpretator
 .text.LCD_DisplayAdd
                0x00000000080009fc      0x1d8 ./Display/display.o
                0x00000000080009fc                LCD_DisplayAdd
 .text.LCD_Init
                0x0000000008000bd4       0xa8 ./Display/display.o
                0x0000000008000bd4                LCD_Init
 .text.LCD_Fill
                0x0000000008000c7c       0x20 ./Display/display.o
                0x0000000008000c7c                LCD_Fill
 .text.LCD_SetActiveWindow
                0x0000000008000c9c       0xc4 ./Display/display_asm.o
                0x0000000008000c9c                LCD_SetActiveWindow
 .text.LCD_WriteData
                0x0000000008000d60       0x68 ./Display/display_asm.o
                0x0000000008000d60                LCD_WriteData
 .text.LCD_WriteDataDMA
                0x0000000008000dc8       0x8e ./Display/display_asm.o
                0x0000000008000dc8                LCD_WriteDataDMA
 .text.LCD_FillWindow
                0x0000000008000e56       0x8c ./Display/display_asm.o
                0x0000000008000e56                LCD_FillWindow
 .text.LCD_DrawImage
                0x0000000008000ee2       0x50 ./Display/display_asm.o
                0x0000000008000ee2                LCD_DrawImage
 *fill*         0x0000000008000f32        0x2 
 .text.Display_TC_Callback
                0x0000000008000f34       0x90 ./Display/display_asm.o
                0x0000000008000f34                Display_TC_Callback
 .text.ST7789_Init
                0x0000000008000fc4       0x20 ./Display/st7789.o
                0x0000000008000fc4                ST7789_Init
 .text.ST7789_SetWindow
                0x0000000008000fe4       0x48 ./Display/st7789.o
                0x0000000008000fe4                ST7789_SetWindow
 .text.ST7789_SleepIn
                0x000000000800102c        0x8 ./Display/st7789.o
                0x000000000800102c                ST7789_SleepIn
 .text.ST7789_SleepOut
                0x0000000008001034        0x8 ./Display/st7789.o
                0x0000000008001034                ST7789_SleepOut
 .text.HAL_InitTick
                0x000000000800103c       0x48 ./Drivers/STM32F4xx_HAL_Driver/Src/stm32f4xx_hal.o
                0x000000000800103c                HAL_InitTick
 .text.HAL_Init
                0x0000000008001084       0x34 ./Drivers/STM32F4xx_HAL_Driver/Src/stm32f4xx_hal.o
                0x0000000008001084                HAL_Init
 .text.HAL_IncTick
                0x00000000080010b8       0x18 ./Drivers/STM32F4xx_HAL_Driver/Src/stm32f4xx_hal.o
                0x00000000080010b8                HAL_IncTick
 .text.HAL_GetTick
                0x00000000080010d0        0xc ./Drivers/STM32F4xx_HAL_Driver/Src/stm32f4xx_hal.o
                0x00000000080010d0                HAL_GetTick
 .text.HAL_Delay
                0x00000000080010dc       0x24 ./Drivers/STM32F4xx_HAL_Driver/Src/stm32f4xx_hal.o
                0x00000000080010dc                HAL_Delay
 .text.HAL_NVIC_SetPriorityGrouping
                0x0000000008001100       0x24 ./Drivers/STM32F4xx_HAL_Driver/Src/stm32f4xx_hal_cortex.o
                0x0000000008001100                HAL_NVIC_SetPriorityGrouping
 .text.HAL_NVIC_SetPriority
                0x0000000008001124       0x7c ./Drivers/STM32F4xx_HAL_Driver/Src/stm32f4xx_hal_cortex.o
                0x0000000008001124                HAL_NVIC_SetPriority
 .text.HAL_NVIC_EnableIRQ
                0x00000000080011a0       0x1c ./Drivers/STM32F4xx_HAL_Driver/Src/stm32f4xx_hal_cortex.o
                0x00000000080011a0                HAL_NVIC_EnableIRQ
 .text.HAL_SYSTICK_Config
                0x00000000080011bc       0x34 ./Drivers/STM32F4xx_HAL_Driver/Src/stm32f4xx_hal_cortex.o
                0x00000000080011bc                HAL_SYSTICK_Config
 .text.HAL_GPIO_Init
                0x00000000080011f0      0x1e8 ./Drivers/STM32F4xx_HAL_Driver/Src/stm32f4xx_hal_gpio.o
                0x00000000080011f0                HAL_GPIO_Init
 .text.HAL_PCD_Init
                0x00000000080013d8      0x11c ./Drivers/STM32F4xx_HAL_Driver/Src/stm32f4xx_hal_pcd.o
                0x00000000080013d8                HAL_PCD_Init
 .text.HAL_PCD_Start
                0x00000000080014f4       0x40 ./Drivers/STM32F4xx_HAL_Driver/Src/stm32f4xx_hal_pcd.o
                0x00000000080014f4                HAL_PCD_Start
 .text.HAL_PCD_IRQHandler
                0x0000000008001534      0xb14 ./Drivers/STM32F4xx_HAL_Driver/Src/stm32f4xx_hal_pcd.o
                0x0000000008001534                HAL_PCD_IRQHandler
 .text.HAL_PCD_SetAddress
                0x0000000008002048       0x28 ./Drivers/STM32F4xx_HAL_Driver/Src/stm32f4xx_hal_pcd.o
                0x0000000008002048                HAL_PCD_SetAddress
 .text.HAL_PCD_EP_Open
                0x0000000008002070       0x7c ./Drivers/STM32F4xx_HAL_Driver/Src/stm32f4xx_hal_pcd.o
                0x0000000008002070                HAL_PCD_EP_Open
 .text.HAL_PCD_EP_Close
                0x00000000080020ec       0x5c ./Drivers/STM32F4xx_HAL_Driver/Src/stm32f4xx_hal_pcd.o
                0x00000000080020ec                HAL_PCD_EP_Close
 .text.HAL_PCD_EP_Receive
                0x0000000008002148       0x50 ./Drivers/STM32F4xx_HAL_Driver/Src/stm32f4xx_hal_pcd.o
                0x0000000008002148                HAL_PCD_EP_Receive
 .text.HAL_PCD_EP_GetRxCount
                0x0000000008002198       0x14 ./Drivers/STM32F4xx_HAL_Driver/Src/stm32f4xx_hal_pcd.o
                0x0000000008002198                HAL_PCD_EP_GetRxCount
 .text.HAL_PCD_EP_Transmit
                0x00000000080021ac       0x50 ./Drivers/STM32F4xx_HAL_Driver/Src/stm32f4xx_hal_pcd.o
                0x00000000080021ac                HAL_PCD_EP_Transmit
 .text.HAL_PCD_EP_SetStall
                0x00000000080021fc       0x88 ./Drivers/STM32F4xx_HAL_Driver/Src/stm32f4xx_hal_pcd.o
                0x00000000080021fc                HAL_PCD_EP_SetStall
 .text.HAL_PCD_EP_ClrStall
                0x0000000008002284       0x70 ./Drivers/STM32F4xx_HAL_Driver/Src/stm32f4xx_hal_pcd.o
                0x0000000008002284                HAL_PCD_EP_ClrStall
 .text.HAL_PCDEx_SetTxFiFo
                0x00000000080022f4       0x4c ./Drivers/STM32F4xx_HAL_Driver/Src/stm32f4xx_hal_pcd_ex.o
                0x00000000080022f4                HAL_PCDEx_SetTxFiFo
 .text.HAL_PCDEx_SetRxFiFo
                0x0000000008002340        0x8 ./Drivers/STM32F4xx_HAL_Driver/Src/stm32f4xx_hal_pcd_ex.o
                0x0000000008002340                HAL_PCDEx_SetRxFiFo
 .text.HAL_PCDEx_LPM_Callback
                0x0000000008002348        0x4 ./Drivers/STM32F4xx_HAL_Driver/Src/stm32f4xx_hal_pcd_ex.o
                0x0000000008002348                HAL_PCDEx_LPM_Callback
 .text.HAL_RCC_GetHCLKFreq
                0x000000000800234c        0xc ./Drivers/STM32F4xx_HAL_Driver/Src/stm32f4xx_hal_rcc.o
                0x000000000800234c                HAL_RCC_GetHCLKFreq
 .text.LL_GPIO_Init
                0x0000000008002358      0x148 ./Drivers/STM32F4xx_HAL_Driver/Src/stm32f4xx_ll_gpio.o
                0x0000000008002358                LL_GPIO_Init
 .text.LL_SPI_Init
                0x00000000080024a0       0x70 ./Drivers/STM32F4xx_HAL_Driver/Src/stm32f4xx_ll_spi.o
                0x00000000080024a0                LL_SPI_Init
 .text.LL_TIM_Init
                0x0000000008002510       0x98 ./Drivers/STM32F4xx_HAL_Driver/Src/stm32f4xx_ll_tim.o
                0x0000000008002510                LL_TIM_Init
 .text.LL_TIM_OC_Init
                0x00000000080025a8      0x1b0 ./Drivers/STM32F4xx_HAL_Driver/Src/stm32f4xx_ll_tim.o
                0x00000000080025a8                LL_TIM_OC_Init
 .text.USB_CoreInit
                0x0000000008002758      0x104 ./Drivers/STM32F4xx_HAL_Driver/Src/stm32f4xx_ll_usb.o
                0x0000000008002758                USB_CoreInit
 .text.USB_SetTurnaroundTime
                0x000000000800285c       0xf4 ./Drivers/STM32F4xx_HAL_Driver/Src/stm32f4xx_ll_usb.o
                0x000000000800285c                USB_SetTurnaroundTime
 .text.USB_EnableGlobalInt
                0x0000000008002950       0x10 ./Drivers/STM32F4xx_HAL_Driver/Src/stm32f4xx_ll_usb.o
                0x0000000008002950                USB_EnableGlobalInt
 .text.USB_DisableGlobalInt
                0x0000000008002960       0x10 ./Drivers/STM32F4xx_HAL_Driver/Src/stm32f4xx_ll_usb.o
                0x0000000008002960                USB_DisableGlobalInt
 .text.USB_SetCurrentMode
                0x0000000008002970       0x70 ./Drivers/STM32F4xx_HAL_Driver/Src/stm32f4xx_ll_usb.o
                0x0000000008002970                USB_SetCurrentMode
 .text.USB_DevInit
                0x00000000080029e0      0x234 ./Drivers/STM32F4xx_HAL_Driver/Src/stm32f4xx_ll_usb.o
                0x00000000080029e0                USB_DevInit
 .text.USB_FlushTxFifo
                0x0000000008002c14       0x54 ./Drivers/STM32F4xx_HAL_Driver/Src/stm32f4xx_ll_usb.o
                0x0000000008002c14                USB_FlushTxFifo
 .text.USB_GetDevSpeed
                0x0000000008002c68       0x18 ./Drivers/STM32F4xx_HAL_Driver/Src/stm32f4xx_ll_usb.o
                0x0000000008002c68                USB_GetDevSpeed
 .text.USB_ActivateEndpoint
                0x0000000008002c80       0x98 ./Drivers/STM32F4xx_HAL_Driver/Src/stm32f4xx_ll_usb.o
                0x0000000008002c80                USB_ActivateEndpoint
 .text.USB_DeactivateEndpoint
                0x0000000008002d18       0xc4 ./Drivers/STM32F4xx_HAL_Driver/Src/stm32f4xx_ll_usb.o
                0x0000000008002d18                USB_DeactivateEndpoint
 .text.USB_EPStartXfer
                0x0000000008002ddc      0x218 ./Drivers/STM32F4xx_HAL_Driver/Src/stm32f4xx_ll_usb.o
                0x0000000008002ddc                USB_EPStartXfer
 .text.USB_EP0StartXfer
                0x0000000008002ff4      0x158 ./Drivers/STM32F4xx_HAL_Driver/Src/stm32f4xx_ll_usb.o
                0x0000000008002ff4                USB_EP0StartXfer
 .text.USB_EPStopXfer
                0x000000000800314c       0x88 ./Drivers/STM32F4xx_HAL_Driver/Src/stm32f4xx_ll_usb.o
                0x000000000800314c                USB_EPStopXfer
 .text.USB_WritePacket
                0x00000000080031d4       0x2c ./Drivers/STM32F4xx_HAL_Driver/Src/stm32f4xx_ll_usb.o
                0x00000000080031d4                USB_WritePacket
 .text.USB_ReadPacket
                0x0000000008003200       0x4c ./Drivers/STM32F4xx_HAL_Driver/Src/stm32f4xx_ll_usb.o
                0x0000000008003200                USB_ReadPacket
 .text.USB_EPSetStall
                0x000000000800324c       0x5c ./Drivers/STM32F4xx_HAL_Driver/Src/stm32f4xx_ll_usb.o
                0x000000000800324c                USB_EPSetStall
 .text.USB_EPClearStall
                0x00000000080032a8       0x58 ./Drivers/STM32F4xx_HAL_Driver/Src/stm32f4xx_ll_usb.o
                0x00000000080032a8                USB_EPClearStall
 .text.USB_SetDevAddress
                0x0000000008003300       0x20 ./Drivers/STM32F4xx_HAL_Driver/Src/stm32f4xx_ll_usb.o
                0x0000000008003300                USB_SetDevAddress
 .text.USB_DevConnect
                0x0000000008003320       0x20 ./Drivers/STM32F4xx_HAL_Driver/Src/stm32f4xx_ll_usb.o
                0x0000000008003320                USB_DevConnect
 .text.USB_DevDisconnect
                0x0000000008003340       0x20 ./Drivers/STM32F4xx_HAL_Driver/Src/stm32f4xx_ll_usb.o
                0x0000000008003340                USB_DevDisconnect
 .text.USB_ReadInterrupts
                0x0000000008003360        0x8 ./Drivers/STM32F4xx_HAL_Driver/Src/stm32f4xx_ll_usb.o
                0x0000000008003360                USB_ReadInterrupts
 .text.USB_ReadDevAllOutEpInterrupt
                0x0000000008003368       0x10 ./Drivers/STM32F4xx_HAL_Driver/Src/stm32f4xx_ll_usb.o
                0x0000000008003368                USB_ReadDevAllOutEpInterrupt
 .text.USB_ReadDevAllInEpInterrupt
                0x0000000008003378       0x10 ./Drivers/STM32F4xx_HAL_Driver/Src/stm32f4xx_ll_usb.o
                0x0000000008003378                USB_ReadDevAllInEpInterrupt
 .text.USB_ReadDevOutEPInterrupt
                0x0000000008003388       0x14 ./Drivers/STM32F4xx_HAL_Driver/Src/stm32f4xx_ll_usb.o
                0x0000000008003388                USB_ReadDevOutEPInterrupt
 .text.USB_ReadDevInEPInterrupt
                0x000000000800339c       0x20 ./Drivers/STM32F4xx_HAL_Driver/Src/stm32f4xx_ll_usb.o
                0x000000000800339c                USB_ReadDevInEPInterrupt
 .text.USB_GetMode
                0x00000000080033bc        0x8 ./Drivers/STM32F4xx_HAL_Driver/Src/stm32f4xx_ll_usb.o
                0x00000000080033bc                USB_GetMode
 .text.USB_ActivateSetup
                0x00000000080033c4       0x24 ./Drivers/STM32F4xx_HAL_Driver/Src/stm32f4xx_ll_usb.o
                0x00000000080033c4                USB_ActivateSetup
 .text.USB_EP0_OutStart
                0x00000000080033e8       0x58 ./Drivers/STM32F4xx_HAL_Driver/Src/stm32f4xx_ll_usb.o
                0x00000000080033e8                USB_EP0_OutStart
 .text.LL_mDelay
                0x0000000008003440       0x24 ./Drivers/STM32F4xx_HAL_Driver/Src/stm32f4xx_ll_utils.o
                0x0000000008003440                LL_mDelay
 .text.LL_SetSystemCoreClock
                0x0000000008003464        0xc ./Drivers/STM32F4xx_HAL_Driver/Src/stm32f4xx_ll_utils.o
                0x0000000008003464                LL_SetSystemCoreClock
 .text.tjd_output
                0x0000000008003470       0x44 ./JPEG/jpeg_chan.o
 .text.tjd_input_memory
                0x00000000080034b4       0x30 ./JPEG/jpeg_chan.o
 .text.LCD_Load_JPG_chan
                0x00000000080034e4       0x98 ./JPEG/jpeg_chan.o
                0x00000000080034e4                LCD_Load_JPG_chan
 .text.jd_prepare
                0x000000000800357c      0x924 ./JPEG/tjpgd.o
                0x000000000800357c                jd_prepare
 .text.jd_decomp
                0x0000000008003ea0      0xf64 ./JPEG/tjpgd.o
                0x0000000008003ea0                jd_decomp
 .text.USBD_CDC_EP0_RxReady
                0x0000000008004e04       0x38 ./Middlewares/ST/STM32_USB_Device_Library/Class/CDC/Src/usbd_cdc.o
 .text.USBD_CDC_GetDeviceQualifierDescriptor
                0x0000000008004e3c        0xc ./Middlewares/ST/STM32_USB_Device_Library/Class/CDC/Src/usbd_cdc.o
                0x0000000008004e3c                USBD_CDC_GetDeviceQualifierDescriptor
 .text.USBD_CDC_GetFSCfgDesc
                0x0000000008004e48       0x48 ./Middlewares/ST/STM32_USB_Device_Library/Class/CDC/Src/usbd_cdc.o
 .text.USBD_CDC_GetHSCfgDesc
                0x0000000008004e90       0x48 ./Middlewares/ST/STM32_USB_Device_Library/Class/CDC/Src/usbd_cdc.o
 .text.USBD_CDC_DataOut
                0x0000000008004ed8       0x38 ./Middlewares/ST/STM32_USB_Device_Library/Class/CDC/Src/usbd_cdc.o
 .text.USBD_CDC_DataIn
                0x0000000008004f10       0x74 ./Middlewares/ST/STM32_USB_Device_Library/Class/CDC/Src/usbd_cdc.o
 .text.USBD_CDC_Setup
                0x0000000008004f84      0x11c ./Middlewares/ST/STM32_USB_Device_Library/Class/CDC/Src/usbd_cdc.o
 .text.USBD_CDC_DeInit
                0x00000000080050a0       0x5c ./Middlewares/ST/STM32_USB_Device_Library/Class/CDC/Src/usbd_cdc.o
 .text.USBD_CDC_Init
                0x00000000080050fc       0xf4 ./Middlewares/ST/STM32_USB_Device_Library/Class/CDC/Src/usbd_cdc.o
 .text.USBD_CDC_GetOtherSpeedCfgDesc
                0x00000000080051f0       0x48 ./Middlewares/ST/STM32_USB_Device_Library/Class/CDC/Src/usbd_cdc.o
 .text.USBD_CDC_RegisterInterface
                0x0000000008005238       0x18 ./Middlewares/ST/STM32_USB_Device_Library/Class/CDC/Src/usbd_cdc.o
                0x0000000008005238                USBD_CDC_RegisterInterface
 .text.USBD_CDC_SetTxBuffer
                0x0000000008005250       0x1c ./Middlewares/ST/STM32_USB_Device_Library/Class/CDC/Src/usbd_cdc.o
                0x0000000008005250                USBD_CDC_SetTxBuffer
 .text.USBD_CDC_SetRxBuffer
                0x000000000800526c       0x18 ./Middlewares/ST/STM32_USB_Device_Library/Class/CDC/Src/usbd_cdc.o
                0x000000000800526c                USBD_CDC_SetRxBuffer
 .text.USBD_CDC_TransmitPacket
                0x0000000008005284       0x38 ./Middlewares/ST/STM32_USB_Device_Library/Class/CDC/Src/usbd_cdc.o
                0x0000000008005284                USBD_CDC_TransmitPacket
 .text.USBD_CDC_ReceivePacket
                0x00000000080052bc       0x38 ./Middlewares/ST/STM32_USB_Device_Library/Class/CDC/Src/usbd_cdc.o
                0x00000000080052bc                USBD_CDC_ReceivePacket
 .text.USBD_Init
                0x00000000080052f4       0x28 ./Middlewares/ST/STM32_USB_Device_Library/Core/Src/usbd_core.o
                0x00000000080052f4                USBD_Init
 .text.USBD_RegisterClass
                0x000000000800531c       0x38 ./Middlewares/ST/STM32_USB_Device_Library/Core/Src/usbd_core.o
                0x000000000800531c                USBD_RegisterClass
 .text.USBD_Start
                0x0000000008005354        0x4 ./Middlewares/ST/STM32_USB_Device_Library/Core/Src/usbd_core.o
                0x0000000008005354                USBD_Start
 .text.USBD_SetClassConfig
                0x0000000008005358       0x10 ./Middlewares/ST/STM32_USB_Device_Library/Core/Src/usbd_core.o
                0x0000000008005358                USBD_SetClassConfig
 .text.USBD_ClrClassConfig
                0x0000000008005368       0x14 ./Middlewares/ST/STM32_USB_Device_Library/Core/Src/usbd_core.o
                0x0000000008005368                USBD_ClrClassConfig
 .text.USBD_LL_SetupStage
                0x000000000800537c       0x60 ./Middlewares/ST/STM32_USB_Device_Library/Core/Src/usbd_core.o
                0x000000000800537c                USBD_LL_SetupStage
 .text.USBD_LL_DataOutStage
                0x00000000080053dc       0x74 ./Middlewares/ST/STM32_USB_Device_Library/Core/Src/usbd_core.o
                0x00000000080053dc                USBD_LL_DataOutStage
 .text.USBD_LL_DataInStage
                0x0000000008005450       0xb4 ./Middlewares/ST/STM32_USB_Device_Library/Core/Src/usbd_core.o
                0x0000000008005450                USBD_LL_DataInStage
 .text.USBD_LL_Reset
                0x0000000008005504       0x5c ./Middlewares/ST/STM32_USB_Device_Library/Core/Src/usbd_core.o
                0x0000000008005504                USBD_LL_Reset
 .text.USBD_LL_SetSpeed
                0x0000000008005560        0x8 ./Middlewares/ST/STM32_USB_Device_Library/Core/Src/usbd_core.o
                0x0000000008005560                USBD_LL_SetSpeed
 .text.USBD_LL_Suspend
                0x0000000008005568       0x18 ./Middlewares/ST/STM32_USB_Device_Library/Core/Src/usbd_core.o
                0x0000000008005568                USBD_LL_Suspend
 .text.USBD_LL_Resume
                0x0000000008005580       0x18 ./Middlewares/ST/STM32_USB_Device_Library/Core/Src/usbd_core.o
                0x0000000008005580                USBD_LL_Resume
 .text.USBD_LL_SOF
                0x0000000008005598       0x20 ./Middlewares/ST/STM32_USB_Device_Library/Core/Src/usbd_core.o
                0x0000000008005598                USBD_LL_SOF
 .text.USBD_LL_IsoINIncomplete
                0x00000000080055b8       0x2c ./Middlewares/ST/STM32_USB_Device_Library/Core/Src/usbd_core.o
                0x00000000080055b8                USBD_LL_IsoINIncomplete
 .text.USBD_LL_IsoOUTIncomplete
                0x00000000080055e4       0x2c ./Middlewares/ST/STM32_USB_Device_Library/Core/Src/usbd_core.o
                0x00000000080055e4                USBD_LL_IsoOUTIncomplete
 .text.USBD_LL_DevConnected
                0x0000000008005610        0x4 ./Middlewares/ST/STM32_USB_Device_Library/Core/Src/usbd_core.o
                0x0000000008005610                USBD_LL_DevConnected
 .text.USBD_LL_DevDisconnected
                0x0000000008005614       0x24 ./Middlewares/ST/STM32_USB_Device_Library/Core/Src/usbd_core.o
                0x0000000008005614                USBD_LL_DevDisconnected
 .text.USBD_CoreFindIF
                0x0000000008005638        0x4 ./Middlewares/ST/STM32_USB_Device_Library/Core/Src/usbd_core.o
                0x0000000008005638                USBD_CoreFindIF
 .text.USBD_CoreFindEP
                0x000000000800563c        0x4 ./Middlewares/ST/STM32_USB_Device_Library/Core/Src/usbd_core.o
                0x000000000800563c                USBD_CoreFindEP
 .text.USBD_GetEpDesc
                0x0000000008005640       0x2c ./Middlewares/ST/STM32_USB_Device_Library/Core/Src/usbd_core.o
                0x0000000008005640                USBD_GetEpDesc
 .text.USBD_StdDevReq
                0x000000000800566c      0x374 ./Middlewares/ST/STM32_USB_Device_Library/Core/Src/usbd_ctlreq.o
                0x000000000800566c                USBD_StdDevReq
 .text.USBD_StdItfReq
                0x00000000080059e0       0x74 ./Middlewares/ST/STM32_USB_Device_Library/Core/Src/usbd_ctlreq.o
                0x00000000080059e0                USBD_StdItfReq
 .text.USBD_StdEPReq
                0x0000000008005a54      0x154 ./Middlewares/ST/STM32_USB_Device_Library/Core/Src/usbd_ctlreq.o
                0x0000000008005a54                USBD_StdEPReq
 .text.USBD_ParseSetupRequest
                0x0000000008005ba8       0x18 ./Middlewares/ST/STM32_USB_Device_Library/Core/Src/usbd_ctlreq.o
                0x0000000008005ba8                USBD_ParseSetupRequest
 .text.USBD_CtlError
                0x0000000008005bc0       0x18 ./Middlewares/ST/STM32_USB_Device_Library/Core/Src/usbd_ctlreq.o
                0x0000000008005bc0                USBD_CtlError
 .text.USBD_GetString
                0x0000000008005bd8       0x54 ./Middlewares/ST/STM32_USB_Device_Library/Core/Src/usbd_ctlreq.o
                0x0000000008005bd8                USBD_GetString
 .text.USBD_CtlSendData
                0x0000000008005c2c       0x1c ./Middlewares/ST/STM32_USB_Device_Library/Core/Src/usbd_ioreq.o
                0x0000000008005c2c                USBD_CtlSendData
 .text.USBD_CtlContinueSendData
                0x0000000008005c48       0x10 ./Middlewares/ST/STM32_USB_Device_Library/Core/Src/usbd_ioreq.o
                0x0000000008005c48                USBD_CtlContinueSendData
 .text.USBD_CtlPrepareRx
                0x0000000008005c58       0x1c ./Middlewares/ST/STM32_USB_Device_Library/Core/Src/usbd_ioreq.o
                0x0000000008005c58                USBD_CtlPrepareRx
 .text.USBD_CtlContinueRx
                0x0000000008005c74       0x10 ./Middlewares/ST/STM32_USB_Device_Library/Core/Src/usbd_ioreq.o
                0x0000000008005c74                USBD_CtlContinueRx
 .text.USBD_CtlSendStatus
                0x0000000008005c84       0x18 ./Middlewares/ST/STM32_USB_Device_Library/Core/Src/usbd_ioreq.o
                0x0000000008005c84                USBD_CtlSendStatus
 .text.USBD_CtlReceiveStatus
                0x0000000008005c9c       0x18 ./Middlewares/ST/STM32_USB_Device_Library/Core/Src/usbd_ioreq.o
                0x0000000008005c9c                USBD_CtlReceiveStatus
 .text.MX_USB_DEVICE_Init
                0x0000000008005cb4       0x74 ./USB_DEVICE/App/usb_device.o
                0x0000000008005cb4                MX_USB_DEVICE_Init
 .text.CDC_DeInit_FS
                0x0000000008005d28        0x4 ./USB_DEVICE/App/usbd_cdc_if.o
 .text.CDC_Control_FS
                0x0000000008005d2c        0x4 ./USB_DEVICE/App/usbd_cdc_if.o
 .text.CDC_TransmitCplt_FS
                0x0000000008005d30        0x4 ./USB_DEVICE/App/usbd_cdc_if.o
 .text.CDC_Receive_FS
                0x0000000008005d34       0xa0 ./USB_DEVICE/App/usbd_cdc_if.o
 .text.CDC_Init_FS
                0x0000000008005dd4       0x28 ./USB_DEVICE/App/usbd_cdc_if.o
 .text.CDC_Transmit_FS
                0x0000000008005dfc       0x2c ./USB_DEVICE/App/usbd_cdc_if.o
                0x0000000008005dfc                CDC_Transmit_FS
 .text.USBD_FS_DeviceDescriptor
                0x0000000008005e28        0xc ./USB_DEVICE/App/usbd_desc.o
                0x0000000008005e28                USBD_FS_DeviceDescriptor
 .text.USBD_FS_LangIDStrDescriptor
                0x0000000008005e34        0xc ./USB_DEVICE/App/usbd_desc.o
                0x0000000008005e34                USBD_FS_LangIDStrDescriptor
 .text.USBD_FS_ManufacturerStrDescriptor
                0x0000000008005e40       0x1c ./USB_DEVICE/App/usbd_desc.o
                0x0000000008005e40                USBD_FS_ManufacturerStrDescriptor
 .text.USBD_FS_ProductStrDescriptor
                0x0000000008005e5c       0x1c ./USB_DEVICE/App/usbd_desc.o
                0x0000000008005e5c                USBD_FS_ProductStrDescriptor
 .text.USBD_FS_ConfigStrDescriptor
                0x0000000008005e78       0x1c ./USB_DEVICE/App/usbd_desc.o
                0x0000000008005e78                USBD_FS_ConfigStrDescriptor
 .text.USBD_FS_InterfaceStrDescriptor
                0x0000000008005e94       0x1c ./USB_DEVICE/App/usbd_desc.o
                0x0000000008005e94                USBD_FS_InterfaceStrDescriptor
 .text.USBD_FS_SerialStrDescriptor
                0x0000000008005eb0      0x120 ./USB_DEVICE/App/usbd_desc.o
                0x0000000008005eb0                USBD_FS_SerialStrDescriptor
 .text.HAL_PCD_MspInit
                0x0000000008005fd0       0x84 ./USB_DEVICE/Target/usbd_conf.o
                0x0000000008005fd0                HAL_PCD_MspInit
 .text.HAL_PCD_SetupStageCallback
                0x0000000008006054        0xc ./USB_DEVICE/Target/usbd_conf.o
                0x0000000008006054                HAL_PCD_SetupStageCallback
 .text.HAL_PCD_DataOutStageCallback
                0x0000000008006060       0x14 ./USB_DEVICE/Target/usbd_conf.o
                0x0000000008006060                HAL_PCD_DataOutStageCallback
 .text.HAL_PCD_DataInStageCallback
                0x0000000008006074       0x14 ./USB_DEVICE/Target/usbd_conf.o
                0x0000000008006074                HAL_PCD_DataInStageCallback
 .text.HAL_PCD_SOFCallback
                0x0000000008006088        0x8 ./USB_DEVICE/Target/usbd_conf.o
                0x0000000008006088                HAL_PCD_SOFCallback
 .text.HAL_PCD_ResetCallback
                0x0000000008006090       0x24 ./USB_DEVICE/Target/usbd_conf.o
                0x0000000008006090                HAL_PCD_ResetCallback
 .text.HAL_PCD_SuspendCallback
                0x00000000080060b4       0x30 ./USB_DEVICE/Target/usbd_conf.o
                0x00000000080060b4                HAL_PCD_SuspendCallback
 .text.HAL_PCD_ResumeCallback
                0x00000000080060e4        0x8 ./USB_DEVICE/Target/usbd_conf.o
                0x00000000080060e4                HAL_PCD_ResumeCallback
 .text.HAL_PCD_ISOOUTIncompleteCallback
                0x00000000080060ec        0x8 ./USB_DEVICE/Target/usbd_conf.o
                0x00000000080060ec                HAL_PCD_ISOOUTIncompleteCallback
 .text.HAL_PCD_ISOINIncompleteCallback
                0x00000000080060f4        0x8 ./USB_DEVICE/Target/usbd_conf.o
                0x00000000080060f4                HAL_PCD_ISOINIncompleteCallback
 .text.HAL_PCD_ConnectCallback
                0x00000000080060fc        0x8 ./USB_DEVICE/Target/usbd_conf.o
                0x00000000080060fc                HAL_PCD_ConnectCallback
 .text.HAL_PCD_DisconnectCallback
                0x0000000008006104        0x8 ./USB_DEVICE/Target/usbd_conf.o
                0x0000000008006104                HAL_PCD_DisconnectCallback
 *fill*         0x000000000800610c        0x4 
 .text.USBD_LL_Init
                0x0000000008006110       0x7c ./USB_DEVICE/Target/usbd_conf.o
                0x0000000008006110                USBD_LL_Init
 .text.USBD_LL_Start
                0x000000000800618c       0x1c ./USB_DEVICE/Target/usbd_conf.o
                0x000000000800618c                USBD_LL_Start
 .text.USBD_LL_OpenEP
                0x00000000080061a8       0x20 ./USB_DEVICE/Target/usbd_conf.o
                0x00000000080061a8                USBD_LL_OpenEP
 .text.USBD_LL_CloseEP
                0x00000000080061c8       0x1c ./USB_DEVICE/Target/usbd_conf.o
                0x00000000080061c8                USBD_LL_CloseEP
 .text.USBD_LL_StallEP
                0x00000000080061e4       0x1c ./USB_DEVICE/Target/usbd_conf.o
                0x00000000080061e4                USBD_LL_StallEP
 .text.USBD_LL_ClearStallEP
                0x0000000008006200       0x1c ./USB_DEVICE/Target/usbd_conf.o
                0x0000000008006200                USBD_LL_ClearStallEP
 .text.USBD_LL_IsStallEP
                0x000000000800621c       0x28 ./USB_DEVICE/Target/usbd_conf.o
                0x000000000800621c                USBD_LL_IsStallEP
 .text.USBD_LL_SetUSBAddress
                0x0000000008006244       0x1c ./USB_DEVICE/Target/usbd_conf.o
                0x0000000008006244                USBD_LL_SetUSBAddress
 .text.USBD_LL_Transmit
                0x0000000008006260       0x1c ./USB_DEVICE/Target/usbd_conf.o
                0x0000000008006260                USBD_LL_Transmit
 .text.USBD_LL_PrepareReceive
                0x000000000800627c       0x1c ./USB_DEVICE/Target/usbd_conf.o
                0x000000000800627c                USBD_LL_PrepareReceive
 .text.USBD_LL_GetRxDataSize
                0x0000000008006298        0x8 ./USB_DEVICE/Target/usbd_conf.o
                0x0000000008006298                USBD_LL_GetRxDataSize
 .text.USBD_static_malloc
                0x00000000080062a0        0x8 ./USB_DEVICE/Target/usbd_conf.o
                0x00000000080062a0                USBD_static_malloc
 .text.USBD_static_free
                0x00000000080062a8        0x4 ./USB_DEVICE/Target/usbd_conf.o
                0x00000000080062a8                USBD_static_free
 .text.__utoa   0x00000000080062ac       0x84 F:/ST/STM32CubeIDE_1.1.0/STM32CubeIDE/plugins/com.st.stm32cube.ide.mcu.externaltools.gnu-tools-for-stm32.11.3.rel1.win32_1.1.100.202309141235/tools/bin/../lib/gcc/arm-none-eabi/11.3.1/../../../../arm-none-eabi/lib/thumb/v7e-m+fp/hard\libc_nano.a(libc_a-utoa.o)
                0x00000000080062ac                __utoa
 .text.utoa     0x0000000008006330        0x4 F:/ST/STM32CubeIDE_1.1.0/STM32CubeIDE/plugins/com.st.stm32cube.ide.mcu.externaltools.gnu-tools-for-stm32.11.3.rel1.win32_1.1.100.202309141235/tools/bin/../lib/gcc/arm-none-eabi/11.3.1/../../../../arm-none-eabi/lib/thumb/v7e-m+fp/hard\libc_nano.a(libc_a-utoa.o)
                0x0000000008006330                utoa
 .text.memset   0x0000000008006334       0x10 F:/ST/STM32CubeIDE_1.1.0/STM32CubeIDE/plugins/com.st.stm32cube.ide.mcu.externaltools.gnu-tools-for-stm32.11.3.rel1.win32_1.1.100.202309141235/tools/bin/../lib/gcc/arm-none-eabi/11.3.1/../../../../arm-none-eabi/lib/thumb/v7e-m+fp/hard\libc_nano.a(libc_a-memset.o)
                0x0000000008006334                memset
 .text.__libc_init_array
                0x0000000008006344       0x48 F:/ST/STM32CubeIDE_1.1.0/STM32CubeIDE/plugins/com.st.stm32cube.ide.mcu.externaltools.gnu-tools-for-stm32.11.3.rel1.win32_1.1.100.202309141235/tools/bin/../lib/gcc/arm-none-eabi/11.3.1/../../../../arm-none-eabi/lib/thumb/v7e-m+fp/hard\libc_nano.a(libc_a-init.o)
                0x0000000008006344                __libc_init_array
 .text.memcpy   0x000000000800638c       0x1c F:/ST/STM32CubeIDE_1.1.0/STM32CubeIDE/plugins/com.st.stm32cube.ide.mcu.externaltools.gnu-tools-for-stm32.11.3.rel1.win32_1.1.100.202309141235/tools/bin/../lib/gcc/arm-none-eabi/11.3.1/../../../../arm-none-eabi/lib/thumb/v7e-m+fp/hard\libc_nano.a(libc_a-memcpy-stub.o)
                0x000000000800638c                memcpy
 *(.glue_7)
 .glue_7        0x00000000080063a8        0x0 linker stubs
 *(.glue_7t)
 .glue_7t       0x00000000080063a8        0x0 linker stubs
 *(.eh_frame)
 .eh_frame      0x00000000080063a8        0x0 F:/ST/STM32CubeIDE_1.1.0/STM32CubeIDE/plugins/com.st.stm32cube.ide.mcu.externaltools.gnu-tools-for-stm32.11.3.rel1.win32_1.1.100.202309141235/tools/bin/../lib/gcc/arm-none-eabi/11.3.1/thumb/v7e-m+fp/hard/crtbegin.o
 *(.init)
 .init          0x00000000080063a8        0x4 F:/ST/STM32CubeIDE_1.1.0/STM32CubeIDE/plugins/com.st.stm32cube.ide.mcu.externaltools.gnu-tools-for-stm32.11.3.rel1.win32_1.1.100.202309141235/tools/bin/../lib/gcc/arm-none-eabi/11.3.1/thumb/v7e-m+fp/hard/crti.o
                0x00000000080063a8                _init
 .init          0x00000000080063ac        0x8 F:/ST/STM32CubeIDE_1.1.0/STM32CubeIDE/plugins/com.st.stm32cube.ide.mcu.externaltools.gnu-tools-for-stm32.11.3.rel1.win32_1.1.100.202309141235/tools/bin/../lib/gcc/arm-none-eabi/11.3.1/thumb/v7e-m+fp/hard/crtn.o
 *(.fini)
 .fini          0x00000000080063b4        0x4 F:/ST/STM32CubeIDE_1.1.0/STM32CubeIDE/plugins/com.st.stm32cube.ide.mcu.externaltools.gnu-tools-for-stm32.11.3.rel1.win32_1.1.100.202309141235/tools/bin/../lib/gcc/arm-none-eabi/11.3.1/thumb/v7e-m+fp/hard/crti.o
                0x00000000080063b4                _fini
 .fini          0x00000000080063b8        0x8 F:/ST/STM32CubeIDE_1.1.0/STM32CubeIDE/plugins/com.st.stm32cube.ide.mcu.externaltools.gnu-tools-for-stm32.11.3.rel1.win32_1.1.100.202309141235/tools/bin/../lib/gcc/arm-none-eabi/11.3.1/thumb/v7e-m+fp/hard/crtn.o
                0x00000000080063c0                . = ALIGN (0x4)
                0x00000000080063c0                _etext = .

.vfp11_veneer   0x00000000080063c0        0x0
 .vfp11_veneer  0x00000000080063c0        0x0 linker stubs

.v4_bx          0x00000000080063c0        0x0
 .v4_bx         0x00000000080063c0        0x0 linker stubs

.iplt           0x00000000080063c0        0x0
 .iplt          0x00000000080063c0        0x0 F:/ST/STM32CubeIDE_1.1.0/STM32CubeIDE/plugins/com.st.stm32cube.ide.mcu.externaltools.gnu-tools-for-stm32.11.3.rel1.win32_1.1.100.202309141235/tools/bin/../lib/gcc/arm-none-eabi/11.3.1/thumb/v7e-m+fp/hard/crtbegin.o

.rodata         0x00000000080063c0      0x164
                0x00000000080063c0                . = ALIGN (0x4)
 *(.rodata)
 .rodata        0x00000000080063c0       0x10 ./Core/Src/main.o
 *(.rodata*)
 .rodata.main.str1.4
                0x00000000080063d0       0x12 ./Core/Src/main.o
 *fill*         0x00000000080063e2        0x2 
 .rodata.STREAM_OFFSET_TAB
                0x00000000080063e4        0x8 ./Display/display.o
 .rodata.CSWTCH.2
                0x00000000080063ec        0x3 ./Display/st7789.o
 *fill*         0x00000000080063ef        0x1 
 .rodata.Ipsf   0x00000000080063f0       0x80 ./JPEG/tjpgd.o
 .rodata.Zig    0x0000000008006470       0x40 ./JPEG/tjpgd.o
 .rodata.USBD_FS_ManufacturerStrDescriptor.str1.4
                0x00000000080064b0       0x13 ./USB_DEVICE/App/usbd_desc.o
 *fill*         0x00000000080064c3        0x1 
 .rodata.USBD_FS_ProductStrDescriptor.str1.4
                0x00000000080064c4       0x16 ./USB_DEVICE/App/usbd_desc.o
 *fill*         0x00000000080064da        0x2 
 .rodata.USBD_FS_ConfigStrDescriptor.str1.4
                0x00000000080064dc        0xb ./USB_DEVICE/App/usbd_desc.o
 *fill*         0x00000000080064e7        0x1 
 .rodata.USBD_FS_InterfaceStrDescriptor.str1.4
                0x00000000080064e8        0xe ./USB_DEVICE/App/usbd_desc.o
 *fill*         0x00000000080064f6        0x2 
 .rodata.CSWTCH.23
                0x00000000080064f8        0x4 ./USB_DEVICE/Target/usbd_conf.o
 .rodata.__utoa.str1.1
                0x00000000080064fc       0x25 F:/ST/STM32CubeIDE_1.1.0/STM32CubeIDE/plugins/com.st.stm32cube.ide.mcu.externaltools.gnu-tools-for-stm32.11.3.rel1.win32_1.1.100.202309141235/tools/bin/../lib/gcc/arm-none-eabi/11.3.1/../../../../arm-none-eabi/lib/thumb/v7e-m+fp/hard\libc_nano.a(libc_a-utoa.o)
                0x0000000008006524                . = ALIGN (0x4)
 *fill*         0x0000000008006521        0x3 

.rel.dyn        0x0000000008006524        0x0
 .rel.iplt      0x0000000008006524        0x0 F:/ST/STM32CubeIDE_1.1.0/STM32CubeIDE/plugins/com.st.stm32cube.ide.mcu.externaltools.gnu-tools-for-stm32.11.3.rel1.win32_1.1.100.202309141235/tools/bin/../lib/gcc/arm-none-eabi/11.3.1/thumb/v7e-m+fp/hard/crtbegin.o

.ARM.extab      0x0000000008006524        0x0
                0x0000000008006524                . = ALIGN (0x4)
 *(.ARM.extab* .gnu.linkonce.armextab.*)
                0x0000000008006524                . = ALIGN (0x4)

.ARM            0x0000000008006524        0x0
                0x0000000008006524                . = ALIGN (0x4)
                0x0000000008006524                __exidx_start = .
 *(.ARM.exidx*)
                0x0000000008006524                __exidx_end = .
                0x0000000008006524                . = ALIGN (0x4)

.preinit_array  0x0000000008006524        0x0
                0x0000000008006524                . = ALIGN (0x4)
                0x0000000008006524                PROVIDE (__preinit_array_start = .)
 *(.preinit_array*)
                0x0000000008006524                PROVIDE (__preinit_array_end = .)
                0x0000000008006524                . = ALIGN (0x4)

.init_array     0x0000000008006524        0x4
                0x0000000008006524                . = ALIGN (0x4)
                0x0000000008006524                PROVIDE (__init_array_start = .)
 *(SORT_BY_NAME(.init_array.*))
 *(.init_array*)
 .init_array    0x0000000008006524        0x4 F:/ST/STM32CubeIDE_1.1.0/STM32CubeIDE/plugins/com.st.stm32cube.ide.mcu.externaltools.gnu-tools-for-stm32.11.3.rel1.win32_1.1.100.202309141235/tools/bin/../lib/gcc/arm-none-eabi/11.3.1/thumb/v7e-m+fp/hard/crtbegin.o
                0x0000000008006528                PROVIDE (__init_array_end = .)
                0x0000000008006528                . = ALIGN (0x4)

.fini_array     0x0000000008006528        0x4
                0x0000000008006528                . = ALIGN (0x4)
                [!provide]                        PROVIDE (__fini_array_start = .)
 *(SORT_BY_NAME(.fini_array.*))
 *(.fini_array*)
 .fini_array    0x0000000008006528        0x4 F:/ST/STM32CubeIDE_1.1.0/STM32CubeIDE/plugins/com.st.stm32cube.ide.mcu.externaltools.gnu-tools-for-stm32.11.3.rel1.win32_1.1.100.202309141235/tools/bin/../lib/gcc/arm-none-eabi/11.3.1/thumb/v7e-m+fp/hard/crtbegin.o
                [!provide]                        PROVIDE (__fini_array_end = .)
                0x000000000800652c                . = ALIGN (0x4)
                0x000000000800652c                _sidata = LOADADDR (.data)

.data           0x0000000020000000      0x18c load address 0x000000000800652c
                0x0000000020000000                . = ALIGN (0x4)
                0x0000000020000000                _sdata = .
 *(.data)
 *(.data*)
 .data.SystemCoreClock
                0x0000000020000000        0x4 ./Core/Src/system_stm32f4xx.o
                0x0000000020000000                SystemCoreClock
 .data.st7789_init_str
                0x0000000020000004       0x6d ./Display/st7789.o
                0x0000000020000004                st7789_init_str
 *fill*         0x0000000020000071        0x3 
 .data.st7789_setwin_str
                0x0000000020000074       0x12 ./Display/st7789.o
                0x0000000020000074                st7789_setwin_str
 *fill*         0x0000000020000086        0x2 
 .data.st7789_sleepin_str
                0x0000000020000088        0x6 ./Display/st7789.o
                0x0000000020000088                st7789_sleepin_str
 *fill*         0x000000002000008e        0x2 
 .data.st7789_sleepout_str
                0x0000000020000090        0x6 ./Display/st7789.o
                0x0000000020000090                st7789_sleepout_str
 .data.uwTickFreq
                0x0000000020000096        0x1 ./Drivers/STM32F4xx_HAL_Driver/Src/stm32f4xx_hal.o
                0x0000000020000096                uwTickFreq
 *fill*         0x0000000020000097        0x1 
 .data.uwTickPrio
                0x0000000020000098        0x4 ./Drivers/STM32F4xx_HAL_Driver/Src/stm32f4xx_hal.o
                0x0000000020000098                uwTickPrio
 .data.AVI_color_mode
                0x000000002000009c        0x1 ./JPEG/jpeg_chan.o
                0x000000002000009c                AVI_color_mode
 *fill*         0x000000002000009d        0x3 
 .data.USBD_CDC
                0x00000000200000a0       0x38 ./Middlewares/ST/STM32_USB_Device_Library/Class/CDC/Src/usbd_cdc.o
                0x00000000200000a0                USBD_CDC
 .data.USBD_CDC_CfgDesc
                0x00000000200000d8       0x43 ./Middlewares/ST/STM32_USB_Device_Library/Class/CDC/Src/usbd_cdc.o
 *fill*         0x000000002000011b        0x1 
 .data.USBD_CDC_DeviceQualifierDesc
                0x000000002000011c        0xa ./Middlewares/ST/STM32_USB_Device_Library/Class/CDC/Src/usbd_cdc.o
 *fill*         0x0000000020000126        0x2 
 .data.USBD_Interface_fops_FS
                0x0000000020000128       0x14 ./USB_DEVICE/App/usbd_cdc_if.o
                0x0000000020000128                USBD_Interface_fops_FS
 .data.FS_Desc  0x000000002000013c       0x1c ./USB_DEVICE/App/usbd_desc.o
                0x000000002000013c                FS_Desc
 .data.USBD_FS_DeviceDesc
                0x0000000020000158       0x12 ./USB_DEVICE/App/usbd_desc.o
                0x0000000020000158                USBD_FS_DeviceDesc
 *fill*         0x000000002000016a        0x2 
 .data.USBD_LangIDDesc
                0x000000002000016c        0x4 ./USB_DEVICE/App/usbd_desc.o
                0x000000002000016c                USBD_LangIDDesc
 .data.USBD_StringSerial
                0x0000000020000170       0x1a ./USB_DEVICE/App/usbd_desc.o
                0x0000000020000170                USBD_StringSerial
 *(.RamFunc)
 *(.RamFunc*)
                0x000000002000018c                . = ALIGN (0x4)
 *fill*         0x000000002000018a        0x2 
                0x000000002000018c                _edata = .

.igot.plt       0x000000002000018c        0x0 load address 0x00000000080066b8
 .igot.plt      0x000000002000018c        0x0 F:/ST/STM32CubeIDE_1.1.0/STM32CubeIDE/plugins/com.st.stm32cube.ide.mcu.externaltools.gnu-tools-for-stm32.11.3.rel1.win32_1.1.100.202309141235/tools/bin/../lib/gcc/arm-none-eabi/11.3.1/thumb/v7e-m+fp/hard/crtbegin.o
                0x000000002000018c                . = ALIGN (0x4)

.bss            0x0000000020000190     0x991c load address 0x00000000080066b8
                0x0000000020000190                _sbss = .
                0x0000000020000190                __bss_start__ = _sbss
 *(.bss)
 .bss           0x0000000020000190       0x1c F:/ST/STM32CubeIDE_1.1.0/STM32CubeIDE/plugins/com.st.stm32cube.ide.mcu.externaltools.gnu-tools-for-stm32.11.3.rel1.win32_1.1.100.202309141235/tools/bin/../lib/gcc/arm-none-eabi/11.3.1/thumb/v7e-m+fp/hard/crtbegin.o
 *(.bss*)
 .bss.buf_offs  0x00000000200001ac        0x2 ./Core/Src/main.o
                0x00000000200001ac                buf_offs
 .bss.len_buf   0x00000000200001ae        0x2 ./Core/Src/main.o
                0x00000000200001ae                len_buf
 .bss.millis    0x00000000200001b0        0x4 ./Core/Src/main.o
                0x00000000200001b0                millis
 .bss.recieve_fl
                0x00000000200001b4        0x1 ./Core/Src/main.o
                0x00000000200001b4                recieve_fl
 *fill*         0x00000000200001b5        0x3 
 .bss.LCD       0x00000000200001b8        0x4 ./Display/display.o
                0x00000000200001b8                LCD
 .bss.uwTick    0x00000000200001bc        0x4 ./Drivers/STM32F4xx_HAL_Driver/Src/stm32f4xx_hal.o
                0x00000000200001bc                uwTick
 .bss.work_buffer
                0x00000000200001c0     0x2ee0 ./JPEG/jpeg_chan.o
                0x00000000200001c0                work_buffer
 .bss.cfgidx.0  0x00000000200030a0        0x1 ./Middlewares/ST/STM32_USB_Device_Library/Core/Src/usbd_ctlreq.o
 *fill*         0x00000000200030a1        0x3 
 .bss.hUsbDeviceFS
                0x00000000200030a4      0x2dc ./USB_DEVICE/App/usb_device.o
                0x00000000200030a4                hUsbDeviceFS
 .bss.UserTxBufferFS
                0x0000000020003380       0x40 ./USB_DEVICE/App/usbd_cdc_if.o
                0x0000000020003380                UserTxBufferFS
 .bss.buffer_rx
                0x00000000200033c0     0x5dc0 ./USB_DEVICE/App/usbd_cdc_if.o
                0x00000000200033c0                buffer_rx
 .bss.USBD_StrDesc
                0x0000000020009180      0x200 ./USB_DEVICE/App/usbd_desc.o
                0x0000000020009180                USBD_StrDesc
 .bss.hpcd_USB_OTG_FS
                0x0000000020009380      0x50c ./USB_DEVICE/Target/usbd_conf.o
                0x0000000020009380                hpcd_USB_OTG_FS
 .bss.mem.0     0x000000002000988c      0x220 ./USB_DEVICE/Target/usbd_conf.o
 *(COMMON)
                0x0000000020009aac                . = ALIGN (0x4)
                0x0000000020009aac                _ebss = .
                0x0000000020009aac                __bss_end__ = _ebss

._user_heap_stack
                0x0000000020009aac      0x604 load address 0x00000000080066b8
                0x0000000020009ab0                . = ALIGN (0x8)
 *fill*         0x0000000020009aac        0x4 
                [!provide]                        PROVIDE (end = .)
                0x0000000020009ab0                PROVIDE (_end = .)
                0x0000000020009cb0                . = (. + _Min_Heap_Size)
 *fill*         0x0000000020009ab0      0x200 
                0x000000002000a0b0                . = (. + _Min_Stack_Size)
 *fill*         0x0000000020009cb0      0x400 
                0x000000002000a0b0                . = ALIGN (0x8)

/DISCARD/
 libc.a(*)
 libm.a(*)
 libgcc.a(*)

.ARM.attributes
                0x0000000000000000       0x30
 *(.ARM.attributes)
 .ARM.attributes
                0x0000000000000000       0x1e F:/ST/STM32CubeIDE_1.1.0/STM32CubeIDE/plugins/com.st.stm32cube.ide.mcu.externaltools.gnu-tools-for-stm32.11.3.rel1.win32_1.1.100.202309141235/tools/bin/../lib/gcc/arm-none-eabi/11.3.1/thumb/v7e-m+fp/hard/crti.o
 .ARM.attributes
                0x000000000000001e       0x34 F:/ST/STM32CubeIDE_1.1.0/STM32CubeIDE/plugins/com.st.stm32cube.ide.mcu.externaltools.gnu-tools-for-stm32.11.3.rel1.win32_1.1.100.202309141235/tools/bin/../lib/gcc/arm-none-eabi/11.3.1/thumb/v7e-m+fp/hard/crtbegin.o
 .ARM.attributes
                0x0000000000000052       0x30 ./Core/Src/main.o
 .ARM.attributes
                0x0000000000000082       0x30 ./Core/Src/stm32f4xx_hal_msp.o
 .ARM.attributes
                0x00000000000000b2       0x30 ./Core/Src/stm32f4xx_it.o
 .ARM.attributes
                0x00000000000000e2       0x30 ./Core/Src/system_stm32f4xx.o
 .ARM.attributes
                0x0000000000000112       0x21 ./Core/Startup/startup_stm32f401ccux.o
 .ARM.attributes
                0x0000000000000133       0x30 ./Display/display.o
 .ARM.attributes
                0x0000000000000163       0x25 ./Display/display_asm.o
 .ARM.attributes
                0x0000000000000188       0x30 ./Display/st7789.o
 .ARM.attributes
                0x00000000000001b8       0x30 ./Drivers/STM32F4xx_HAL_Driver/Src/stm32f4xx_hal.o
 .ARM.attributes
                0x00000000000001e8       0x30 ./Drivers/STM32F4xx_HAL_Driver/Src/stm32f4xx_hal_cortex.o
 .ARM.attributes
                0x0000000000000218       0x30 ./Drivers/STM32F4xx_HAL_Driver/Src/stm32f4xx_hal_gpio.o
 .ARM.attributes
                0x0000000000000248       0x30 ./Drivers/STM32F4xx_HAL_Driver/Src/stm32f4xx_hal_pcd.o
 .ARM.attributes
                0x0000000000000278       0x30 ./Drivers/STM32F4xx_HAL_Driver/Src/stm32f4xx_hal_pcd_ex.o
 .ARM.attributes
                0x00000000000002a8       0x30 ./Drivers/STM32F4xx_HAL_Driver/Src/stm32f4xx_hal_rcc.o
 .ARM.attributes
                0x00000000000002d8       0x30 ./Drivers/STM32F4xx_HAL_Driver/Src/stm32f4xx_ll_gpio.o
 .ARM.attributes
                0x0000000000000308       0x30 ./Drivers/STM32F4xx_HAL_Driver/Src/stm32f4xx_ll_spi.o
 .ARM.attributes
                0x0000000000000338       0x30 ./Drivers/STM32F4xx_HAL_Driver/Src/stm32f4xx_ll_tim.o
 .ARM.attributes
                0x0000000000000368       0x30 ./Drivers/STM32F4xx_HAL_Driver/Src/stm32f4xx_ll_usb.o
 .ARM.attributes
                0x0000000000000398       0x30 ./Drivers/STM32F4xx_HAL_Driver/Src/stm32f4xx_ll_utils.o
 .ARM.attributes
                0x00000000000003c8       0x30 ./JPEG/jpeg_chan.o
 .ARM.attributes
                0x00000000000003f8       0x30 ./JPEG/tjpgd.o
 .ARM.attributes
                0x0000000000000428       0x30 ./Middlewares/ST/STM32_USB_Device_Library/Class/CDC/Src/usbd_cdc.o
 .ARM.attributes
                0x0000000000000458       0x30 ./Middlewares/ST/STM32_USB_Device_Library/Core/Src/usbd_core.o
 .ARM.attributes
                0x0000000000000488       0x30 ./Middlewares/ST/STM32_USB_Device_Library/Core/Src/usbd_ctlreq.o
 .ARM.attributes
                0x00000000000004b8       0x30 ./Middlewares/ST/STM32_USB_Device_Library/Core/Src/usbd_ioreq.o
 .ARM.attributes
                0x00000000000004e8       0x30 ./USB_DEVICE/App/usb_device.o
 .ARM.attributes
                0x0000000000000518       0x30 ./USB_DEVICE/App/usbd_cdc_if.o
 .ARM.attributes
                0x0000000000000548       0x30 ./USB_DEVICE/App/usbd_desc.o
 .ARM.attributes
                0x0000000000000578       0x30 ./USB_DEVICE/Target/usbd_conf.o
 .ARM.attributes
                0x00000000000005a8       0x34 F:/ST/STM32CubeIDE_1.1.0/STM32CubeIDE/plugins/com.st.stm32cube.ide.mcu.externaltools.gnu-tools-for-stm32.11.3.rel1.win32_1.1.100.202309141235/tools/bin/../lib/gcc/arm-none-eabi/11.3.1/../../../../arm-none-eabi/lib/thumb/v7e-m+fp/hard\libc_nano.a(libc_a-utoa.o)
 .ARM.attributes
                0x00000000000005dc       0x34 F:/ST/STM32CubeIDE_1.1.0/STM32CubeIDE/plugins/com.st.stm32cube.ide.mcu.externaltools.gnu-tools-for-stm32.11.3.rel1.win32_1.1.100.202309141235/tools/bin/../lib/gcc/arm-none-eabi/11.3.1/../../../../arm-none-eabi/lib/thumb/v7e-m+fp/hard\libc_nano.a(libc_a-memset.o)
 .ARM.attributes
                0x0000000000000610       0x34 F:/ST/STM32CubeIDE_1.1.0/STM32CubeIDE/plugins/com.st.stm32cube.ide.mcu.externaltools.gnu-tools-for-stm32.11.3.rel1.win32_1.1.100.202309141235/tools/bin/../lib/gcc/arm-none-eabi/11.3.1/../../../../arm-none-eabi/lib/thumb/v7e-m+fp/hard\libc_nano.a(libc_a-init.o)
 .ARM.attributes
                0x0000000000000644       0x34 F:/ST/STM32CubeIDE_1.1.0/STM32CubeIDE/plugins/com.st.stm32cube.ide.mcu.externaltools.gnu-tools-for-stm32.11.3.rel1.win32_1.1.100.202309141235/tools/bin/../lib/gcc/arm-none-eabi/11.3.1/../../../../arm-none-eabi/lib/thumb/v7e-m+fp/hard\libc_nano.a(libc_a-memcpy-stub.o)
 .ARM.attributes
                0x0000000000000678       0x17 F:/ST/STM32CubeIDE_1.1.0/STM32CubeIDE/plugins/com.st.stm32cube.ide.mcu.externaltools.gnu-tools-for-stm32.11.3.rel1.win32_1.1.100.202309141235/tools/bin/../lib/gcc/arm-none-eabi/11.3.1/../../../../arm-none-eabi/lib/thumb/v7e-m+fp/hard\libc_nano.a(libc_a-strlen.o)
 .ARM.attributes
                0x000000000000068f       0x1e F:/ST/STM32CubeIDE_1.1.0/STM32CubeIDE/plugins/com.st.stm32cube.ide.mcu.externaltools.gnu-tools-for-stm32.11.3.rel1.win32_1.1.100.202309141235/tools/bin/../lib/gcc/arm-none-eabi/11.3.1/thumb/v7e-m+fp/hard/crtn.o
OUTPUT(stm32f401ccu6_usb_virtual_com_port.elf elf32-littlearm)
LOAD linker stubs
LOAD F:/ST/STM32CubeIDE_1.1.0/STM32CubeIDE/plugins/com.st.stm32cube.ide.mcu.externaltools.gnu-tools-for-stm32.11.3.rel1.win32_1.1.100.202309141235/tools/bin/../lib/gcc/arm-none-eabi/11.3.1/../../../../arm-none-eabi/lib/thumb/v7e-m+fp/hard\libc.a
LOAD F:/ST/STM32CubeIDE_1.1.0/STM32CubeIDE/plugins/com.st.stm32cube.ide.mcu.externaltools.gnu-tools-for-stm32.11.3.rel1.win32_1.1.100.202309141235/tools/bin/../lib/gcc/arm-none-eabi/11.3.1/../../../../arm-none-eabi/lib/thumb/v7e-m+fp/hard\libm.a
LOAD F:/ST/STM32CubeIDE_1.1.0/STM32CubeIDE/plugins/com.st.stm32cube.ide.mcu.externaltools.gnu-tools-for-stm32.11.3.rel1.win32_1.1.100.202309141235/tools/bin/../lib/gcc/arm-none-eabi/11.3.1/thumb/v7e-m+fp/hard\libgcc.a

.comment        0x0000000000000000       0x43
 .comment       0x0000000000000000       0x43 F:/ST/STM32CubeIDE_1.1.0/STM32CubeIDE/plugins/com.st.stm32cube.ide.mcu.externaltools.gnu-tools-for-stm32.11.3.rel1.win32_1.1.100.202309141235/tools/bin/../lib/gcc/arm-none-eabi/11.3.1/thumb/v7e-m+fp/hard/crtbegin.o
                                         0x44 (size before relaxing)
 .comment       0x0000000000000043       0x44 ./Core/Src/main.o
 .comment       0x0000000000000043       0x44 ./Core/Src/stm32f4xx_hal_msp.o
 .comment       0x0000000000000043       0x44 ./Core/Src/stm32f4xx_it.o
 .comment       0x0000000000000043       0x44 ./Core/Src/system_stm32f4xx.o
 .comment       0x0000000000000043       0x44 ./Display/display.o
 .comment       0x0000000000000043       0x44 ./Display/st7789.o
 .comment       0x0000000000000043       0x44 ./Drivers/STM32F4xx_HAL_Driver/Src/stm32f4xx_hal.o
 .comment       0x0000000000000043       0x44 ./Drivers/STM32F4xx_HAL_Driver/Src/stm32f4xx_hal_cortex.o
 .comment       0x0000000000000043       0x44 ./Drivers/STM32F4xx_HAL_Driver/Src/stm32f4xx_hal_gpio.o
 .comment       0x0000000000000043       0x44 ./Drivers/STM32F4xx_HAL_Driver/Src/stm32f4xx_hal_pcd.o
 .comment       0x0000000000000043       0x44 ./Drivers/STM32F4xx_HAL_Driver/Src/stm32f4xx_hal_pcd_ex.o
 .comment       0x0000000000000043       0x44 ./Drivers/STM32F4xx_HAL_Driver/Src/stm32f4xx_hal_rcc.o
 .comment       0x0000000000000043       0x44 ./Drivers/STM32F4xx_HAL_Driver/Src/stm32f4xx_ll_gpio.o
 .comment       0x0000000000000043       0x44 ./Drivers/STM32F4xx_HAL_Driver/Src/stm32f4xx_ll_spi.o
 .comment       0x0000000000000043       0x44 ./Drivers/STM32F4xx_HAL_Driver/Src/stm32f4xx_ll_tim.o
 .comment       0x0000000000000043       0x44 ./Drivers/STM32F4xx_HAL_Driver/Src/stm32f4xx_ll_usb.o
 .comment       0x0000000000000043       0x44 ./Drivers/STM32F4xx_HAL_Driver/Src/stm32f4xx_ll_utils.o
 .comment       0x0000000000000043       0x44 ./JPEG/jpeg_chan.o
 .comment       0x0000000000000043       0x44 ./JPEG/tjpgd.o
 .comment       0x0000000000000043       0x44 ./Middlewares/ST/STM32_USB_Device_Library/Class/CDC/Src/usbd_cdc.o
 .comment       0x0000000000000043       0x44 ./Middlewares/ST/STM32_USB_Device_Library/Core/Src/usbd_core.o
 .comment       0x0000000000000043       0x44 ./Middlewares/ST/STM32_USB_Device_Library/Core/Src/usbd_ctlreq.o
 .comment       0x0000000000000043       0x44 ./Middlewares/ST/STM32_USB_Device_Library/Core/Src/usbd_ioreq.o
 .comment       0x0000000000000043       0x44 ./USB_DEVICE/App/usb_device.o
 .comment       0x0000000000000043       0x44 ./USB_DEVICE/App/usbd_cdc_if.o
 .comment       0x0000000000000043       0x44 ./USB_DEVICE/App/usbd_desc.o
 .comment       0x0000000000000043       0x44 ./USB_DEVICE/Target/usbd_conf.o

.debug_frame    0x0000000000000000       0xbc
 .debug_frame   0x0000000000000000       0x48 F:/ST/STM32CubeIDE_1.1.0/STM32CubeIDE/plugins/com.st.stm32cube.ide.mcu.externaltools.gnu-tools-for-stm32.11.3.rel1.win32_1.1.100.202309141235/tools/bin/../lib/gcc/arm-none-eabi/11.3.1/../../../../arm-none-eabi/lib/thumb/v7e-m+fp/hard\libc_nano.a(libc_a-utoa.o)
 .debug_frame   0x0000000000000048       0x20 F:/ST/STM32CubeIDE_1.1.0/STM32CubeIDE/plugins/com.st.stm32cube.ide.mcu.externaltools.gnu-tools-for-stm32.11.3.rel1.win32_1.1.100.202309141235/tools/bin/../lib/gcc/arm-none-eabi/11.3.1/../../../../arm-none-eabi/lib/thumb/v7e-m+fp/hard\libc_nano.a(libc_a-memset.o)
 .debug_frame   0x0000000000000068       0x2c F:/ST/STM32CubeIDE_1.1.0/STM32CubeIDE/plugins/com.st.stm32cube.ide.mcu.externaltools.gnu-tools-for-stm32.11.3.rel1.win32_1.1.100.202309141235/tools/bin/../lib/gcc/arm-none-eabi/11.3.1/../../../../arm-none-eabi/lib/thumb/v7e-m+fp/hard\libc_nano.a(libc_a-init.o)
 .debug_frame   0x0000000000000094       0x28 F:/ST/STM32CubeIDE_1.1.0/STM32CubeIDE/plugins/com.st.stm32cube.ide.mcu.externaltools.gnu-tools-for-stm32.11.3.rel1.win32_1.1.100.202309141235/tools/bin/../lib/gcc/arm-none-eabi/11.3.1/../../../../arm-none-eabi/lib/thumb/v7e-m+fp/hard\libc_nano.a(libc_a-memcpy-stub.o)
